2026-05-21 20:06:25,941 - INFO - Connected to Binance | SOL/EUR | key=g1aUcsUY...
2026-05-21 20:06:25,941 - INFO - Denaro V3 started | SOL/EUR | 15 levels | 0.25% spacing
2026-05-21 20:06:26,833 - INFO - All orders canceled
2026-05-21 20:06:27,105 - INFO - Grid rebuild @ 75.5 | EUR=8.32 | SOL=0.0280 | order=6.00 EUR | compound=1.00x
2026-05-21 20:06:27,558 - ERROR - Buy failed @ 75.31: binance Account has insufficient balance for requested action.
2026-05-21 20:06:27,822 - ERROR - Buy failed @ 75.12: binance Account has insufficient balance for requested action.
2026-05-21 20:06:28,088 - ERROR - Buy failed @ 74.93: binance Account has insufficient balance for requested action.
2026-05-21 20:06:28,088 - INFO - Skipping sell orders: SOL=0.0280 (value=2.11 EUR < 5.0)
2026-05-21 20:06:28,088 - INFO - Grid placed: 0 buys, 0 sells, invested=0.00
2026-05-21 20:06:31,400 - INFO - Price=75.55 | Buys=0 | Sells=0 | invested=0.00 | profit=0.0000 | fills=0 | EUR_free=2.33 | compound=1.00x
2026-05-21 20:07:02,279 - INFO - Price=75.56 | Buys=0 | Sells=0 | invested=0.00 | profit=0.0000 | fills=0 | EUR_free=2.33 | compound=1.00x
2026-05-21 20:08:00,546 - INFO - Price=75.56 | Buys=0 | Sells=0 | invested=0.00 | profit=0.0000 | fills=0 | EUR_free=2.33 | compound=1.00x
2026-05-21 20:08:31,421 - INFO - Price=75.58 | Buys=0 | Sells=0 | invested=0.00 | profit=0.0000 | fills=0 | EUR_free=2.33 | compound=1.00x
2026-05-21 20:09:29,084 - INFO - All orders canceled
2026-05-21 20:09:29,405 - INFO - Grid rebuild @ 75.55 | EUR=2.33 | SOL=0.0280 | order=6.00 EUR | compound=1.00x
2026-05-21 20:09:29,405 - INFO - Skipping sell orders: SOL=0.0280 (value=2.11 EUR < 5.0)
2026-05-21 20:09:29,405 - INFO - Grid placed: 0 buys, 0 sells, invested=0.00
2026-05-21 20:10:30,726 - INFO - Price=75.59 | Buys=0 | Sells=0 | invested=0.00 | profit=0.0000 | fills=0 | EUR_free=2.33 | compound=1.00x
2026-05-21 20:11:01,609 - INFO - Price=75.53 | Buys=0 | Sells=0 | invested=0.00 | profit=0.0000 | fills=0 | EUR_free=2.33 | compound=1.00x
2026-05-21 20:12:29,984 - INFO - All orders canceled
2026-05-21 20:12:30,308 - INFO - Grid rebuild @ 75.53 | EUR=2.33 | SOL=0.0280 | order=6.00 EUR | compound=1.00x
2026-05-21 20:12:30,308 - INFO - Skipping sell orders: SOL=0.0280 (value=2.11 EUR < 5.0)
2026-05-21 20:12:30,308 - INFO - Grid placed: 0 buys, 0 sells, invested=0.00
2026-05-21 20:12:30,772 - INFO - Price=75.53 | Buys=0 | Sells=0 | invested=0.00 | profit=0.0000 | fills=0 | EUR_free=2.33 | compound=1.00x
2026-05-21 20:13:01,656 - INFO - Price=75.5 | Buys=0 | Sells=0 | invested=0.00 | profit=0.0000 | fills=0 | EUR_free=2.33 | compound=1.00x
2026-05-21 20:14:30,807 - INFO - Price=75.52 | Buys=0 | Sells=0 | invested=0.00 | profit=0.0000 | fills=0 | EUR_free=2.33 | compound=1.00x
2026-05-21 20:15:01,703 - INFO - Price=75.52 | Buys=0 | Sells=0 | invested=0.00 | profit=0.0000 | fills=0 | EUR_free=2.33 | compound=1.00x
2026-05-21 20:15:31,806 - INFO - All orders canceled
2026-05-21 20:15:32,124 - INFO - Grid rebuild @ 75.52 | EUR=2.33 | SOL=0.0280 | order=6.00 EUR | compound=1.00x
2026-05-21 20:15:32,125 - INFO - Skipping sell orders: SOL=0.0280 (value=2.11 EUR < 5.0)
2026-05-21 20:15:32,125 - INFO - Grid placed: 0 buys, 0 sells, invested=0.00
2026-05-21 20:17:00,771 - INFO - Price=75.52 | Buys=0 | Sells=0 | invested=0.00 | profit=0.0000 | fills=0 | EUR_free=2.33 | compound=1.00x
2026-05-21 20:17:31,658 - INFO - Price=75.45 | Buys=0 | Sells=0 | invested=0.00 | profit=0.0000 | fills=0 | EUR_free=2.33 | compound=1.00x
2026-05-21 20:18:32,182 - INFO - All orders canceled
2026-05-21 20:18:32,503 - INFO - Grid rebuild @ 75.45 | EUR=2.33 | SOL=0.0280 | order=6.00 EUR | compound=1.00x
2026-05-21 20:18:32,503 - INFO - Skipping sell orders: SOL=0.0280 (value=2.11 EUR < 5.0)
2026-05-21 20:18:32,504 - INFO - Grid placed: 0 buys, 0 sells, invested=0.00
2026-05-21 20:19:30,740 - INFO - Price=75.43 | Buys=0 | Sells=0 | invested=0.00 | profit=0.0000 | fills=0 | EUR_free=2.33 | compound=1.00x
2026-05-21 20:20:01,616 - INFO - Price=75.49 | Buys=0 | Sells=0 | invested=0.00 | profit=0.0000 | fills=0 | EUR_free=2.33 | compound=1.00x
2026-05-21 20:21:32,540 - INFO - All orders canceled
2026-05-21 20:21:32,859 - INFO - Grid rebuild @ 75.47 | EUR=2.33 | SOL=0.0280 | order=6.00 EUR | compound=1.00x
2026-05-21 20:21:32,859 - INFO - Skipping sell orders: SOL=0.0280 (value=2.11 EUR < 5.0)
2026-05-21 20:21:32,860 - INFO - Grid placed: 0 buys, 0 sells, invested=0.00
2026-05-21 20:22:00,709 - INFO - Price=75.47 | Buys=0 | Sells=0 | invested=0.00 | profit=0.0000 | fills=0 | EUR_free=2.33 | compound=1.00x
2026-05-21 20:22:31,586 - INFO - Price=75.48 | Buys=0 | Sells=0 | invested=0.00 | profit=0.0000 | fills=0 | EUR_free=2.33 | compound=1.00x
2026-05-21 20:24:00,704 - INFO - Price=75.48 | Buys=0 | Sells=0 | invested=0.00 | profit=0.0000 | fills=0 | EUR_free=2.33 | compound=1.00x
2026-05-21 20:24:31,585 - INFO - Price=75.47 | Buys=0 | Sells=0 | invested=0.00 | profit=0.0000 | fills=0 | EUR_free=2.33 | compound=1.00x
2026-05-21 20:24:34,312 - INFO - All orders canceled
2026-05-21 20:24:34,634 - INFO - Grid rebuild @ 75.47 | EUR=2.33 | SOL=0.0280 | order=6.00 EUR | compound=1.00x
2026-05-21 20:24:34,634 - INFO - Skipping sell orders: SOL=0.0280 (value=2.11 EUR < 5.0)
2026-05-21 20:24:34,634 - INFO - Grid placed: 0 buys, 0 sells, invested=0.00
