2026-04-14 03:52:35,783 - INFO - 🚀 Autonomic Manager avviato. Monitoraggio attivo.
2026-04-14 03:52:35,783 - INFO - --- INIZIO CICLO AUTONOMO ---
2026-04-14 03:52:37,760 - INFO - 🔍 Analizzando flotta per bot zombie...
2026-04-14 03:52:39,802 - WARNING - ⚠️ Rilevati 72 bot zombie. Procedo alla potatura...
2026-04-14 03:52:39,821 - INFO - 💀 Bot potato: LIQUIDATION_SWEEPER (Inattivo/Improduttivo)
2026-04-14 03:52:39,837 - INFO - 💀 Bot potato: EUR_USDC_NANO (Inattivo/Improduttivo)
2026-04-14 03:52:39,854 - INFO - 💀 Bot potato: LEGION_AAVE (Inattivo/Improduttivo)
2026-04-14 03:52:39,871 - INFO - 💀 Bot potato: LEGION_XTZ (Inattivo/Improduttivo)
2026-04-14 03:52:39,888 - INFO - 💀 Bot potato: PROJECT_OLYMPUS (Inattivo/Improduttivo)
2026-04-14 03:52:39,905 - INFO - 💀 Bot potato: WEBSOCKET (Inattivo/Improduttivo)
2026-04-14 03:52:39,922 - INFO - 💀 Bot potato: YIELD_FARMER (Inattivo/Improduttivo)
2026-04-14 03:52:39,939 - INFO - 💀 Bot potato: COMPOUNDER (Inattivo/Improduttivo)
2026-04-14 03:52:39,956 - INFO - 💀 Bot potato: LEGION_XLM (Inattivo/Improduttivo)
2026-04-14 03:52:39,974 - INFO - 💀 Bot potato: LEGION_ATOM (Inattivo/Improduttivo)
2026-04-14 03:52:39,991 - INFO - 💀 Bot potato: volatility_hunter (Inattivo/Improduttivo)
2026-04-14 03:52:40,007 - INFO - 💀 Bot potato: LIQUIDATION_SWEEP (Inattivo/Improduttivo)
2026-04-14 03:52:40,027 - INFO - 💀 Bot potato: LEGION_FTM (Inattivo/Improduttivo)
2026-04-14 03:52:40,046 - INFO - 💀 Bot potato: SCIACALLO (Inattivo/Improduttivo)
2026-04-14 03:52:40,063 - INFO - 💀 Bot potato: BLADE_RUNNER (Inattivo/Improduttivo)
2026-04-14 03:52:40,084 - INFO - 💀 Bot potato: EUR_USDT_MICRO (Inattivo/Improduttivo)
2026-04-14 03:52:40,102 - INFO - 💀 Bot potato: LEGION_DOT (Inattivo/Improduttivo)
2026-04-14 03:52:40,118 - INFO - 💀 Bot potato: sniper_squad (Inattivo/Improduttivo)
2026-04-14 03:52:40,139 - INFO - 💀 Bot potato: ALPHA_STRIKE (Inattivo/Improduttivo)
2026-04-14 03:52:40,160 - INFO - 💀 Bot potato: LEGION_LTC (Inattivo/Improduttivo)
2026-04-14 03:52:40,179 - INFO - 💀 Bot potato: RSI_HUNTER (Inattivo/Improduttivo)
2026-04-14 03:52:40,197 - INFO - 💀 Bot potato: LEGION_EOS (Inattivo/Improduttivo)
2026-04-14 03:52:40,215 - INFO - 💀 Bot potato: ASIAN_ECHO (Inattivo/Improduttivo)
2026-04-14 03:52:40,233 - INFO - 💀 Bot potato: LEGION_UNI (Inattivo/Improduttivo)
2026-04-14 03:52:40,252 - INFO - 💀 Bot potato: VAMPIRE (Inattivo/Improduttivo)
2026-04-14 03:52:40,270 - INFO - 💀 Bot potato: GAMMA_PAIRS (Inattivo/Improduttivo)
2026-04-14 03:52:40,287 - INFO - 💀 Bot potato: LEGION_MATIC (Inattivo/Improduttivo)
2026-04-14 03:52:40,304 - INFO - 💀 Bot potato: OLYMPUS (Inattivo/Improduttivo)
2026-04-14 03:52:40,320 - INFO - 💀 Bot potato: LEGION_AVAX (Inattivo/Improduttivo)
2026-04-14 03:52:40,337 - INFO - 💀 Bot potato: VAMPIRO (Inattivo/Improduttivo)
2026-04-14 03:52:40,353 - INFO - 💀 Bot potato: LEGION_MANA (Inattivo/Improduttivo)
2026-04-14 03:52:40,369 - INFO - 💀 Bot potato: SCIAME (Inattivo/Improduttivo)
2026-04-14 03:52:40,386 - INFO - 💀 Bot potato: FLASH_CATCHER (Inattivo/Improduttivo)
2026-04-14 03:52:40,402 - INFO - 💀 Bot potato: FLASH_CRASH (Inattivo/Improduttivo)
2026-04-14 03:52:40,418 - INFO - 💀 Bot potato: DCA_ACCUMULATOR (Inattivo/Improduttivo)
2026-04-14 03:52:40,435 - INFO - 💀 Bot potato: SQUADRA_GAMMA (Inattivo/Improduttivo)
2026-04-14 03:52:40,451 - INFO - 💀 Bot potato: LEGION_NEAR (Inattivo/Improduttivo)
2026-04-14 03:52:40,467 - INFO - 💀 Bot potato: BOLLINGER_SNIPER (Inattivo/Improduttivo)
2026-04-14 03:52:40,484 - INFO - 💀 Bot potato: PAIRS_TRADER (Inattivo/Improduttivo)
2026-04-14 03:52:40,501 - INFO - 💀 Bot potato: LEGION_FIL (Inattivo/Improduttivo)
2026-04-14 03:52:40,517 - INFO - 💀 Bot potato: FUNDING_ARBITRAGE (Inattivo/Improduttivo)
2026-04-14 03:52:40,534 - INFO - 💀 Bot potato: LEGION_ETC (Inattivo/Improduttivo)
2026-04-14 03:52:40,551 - INFO - 💀 Bot potato: PHANTOM (Inattivo/Improduttivo)
2026-04-14 03:52:40,567 - INFO - 💀 Bot potato: NEWS_SNIPER (Inattivo/Improduttivo)
2026-04-14 03:52:40,584 - INFO - 💀 Bot potato: LEGION_ALGO (Inattivo/Improduttivo)
2026-04-14 03:52:40,601 - INFO - 💀 Bot potato: DARKPOOL (Inattivo/Improduttivo)
2026-04-14 03:52:40,617 - INFO - 💀 Bot potato: AI_RISK (Inattivo/Improduttivo)
2026-04-14 03:52:40,633 - INFO - 💀 Bot potato: TSUNAMI (Inattivo/Improduttivo)
2026-04-14 03:52:40,649 - INFO - 💀 Bot potato: REALISTIC_GRID (Inattivo/Improduttivo)
2026-04-14 03:52:40,665 - INFO - 💀 Bot potato: DASHBOARD (Inattivo/Improduttivo)
2026-04-14 03:52:40,685 - INFO - 💀 Bot potato: VAMPIRE_GRID (Inattivo/Improduttivo)
2026-04-14 03:52:40,703 - INFO - 💀 Bot potato: LEGION_SAND (Inattivo/Improduttivo)
2026-04-14 03:52:40,719 - INFO - 💀 Bot potato: LEGION_AXS (Inattivo/Improduttivo)
2026-04-14 03:52:40,736 - INFO - 💀 Bot potato: LEGION_LINK (Inattivo/Improduttivo)
2026-04-14 03:52:40,754 - INFO - 💀 Bot potato: VOLATILITY_HUNTER (Inattivo/Improduttivo)
2026-04-14 03:52:40,771 - INFO - 💀 Bot potato: BLACKHOLE (Inattivo/Improduttivo)
2026-04-14 03:52:40,786 - INFO - 💀 Bot potato: LEGION_CHZ (Inattivo/Improduttivo)
2026-04-14 03:52:40,801 - INFO - 💀 Bot potato: SCAVENGER (Inattivo/Improduttivo)
2026-04-14 03:52:40,815 - INFO - 💀 Bot potato: ORBITAL_WS (Inattivo/Improduttivo)
2026-04-14 03:52:40,830 - INFO - 💀 Bot potato: LEGION_VET (Inattivo/Improduttivo)
2026-04-14 03:52:40,844 - INFO - 💀 Bot potato: LEGION_BAT (Inattivo/Improduttivo)
2026-04-14 03:52:40,859 - INFO - 💀 Bot potato: LEGION_ADA (Inattivo/Improduttivo)
2026-04-14 03:52:40,873 - INFO - 💀 Bot potato: LEGION_GALA (Inattivo/Improduttivo)
2026-04-14 03:52:40,891 - INFO - 💀 Bot potato: HUNTER_SWARM (Inattivo/Improduttivo)
2026-04-14 03:52:40,906 - INFO - 💀 Bot potato: LEGION_ENJ (Inattivo/Improduttivo)
2026-04-14 03:52:40,921 - INFO - 💀 Bot potato: SNIPER_SQUAD (Inattivo/Improduttivo)
2026-04-14 03:52:40,940 - INFO - 💀 Bot potato: TG-BOT (Inattivo/Improduttivo)
2026-04-14 03:52:40,959 - INFO - 💀 Bot potato: grid_bot_v2 (Inattivo/Improduttivo)
2026-04-14 03:52:40,974 - INFO - 💀 Bot potato: LEGION_ZIL (Inattivo/Improduttivo)
2026-04-14 03:52:40,988 - INFO - 💀 Bot potato: GARIBAN (Inattivo/Improduttivo)
2026-04-14 03:52:41,002 - INFO - 💀 Bot potato: LEGION_MKR (Inattivo/Improduttivo)
2026-04-14 03:52:41,017 - INFO - 💀 Bot potato: LEGION_BCH (Inattivo/Improduttivo)
2026-04-14 03:52:41,017 - INFO - 🏥 Eseguendo scansione di self-healing...
2026-04-14 03:52:42,787 - WARNING - 🛠️ Rilevato bot malato: LIQUIDATION_SWEEPER. Tentativo di riavvio...
2026-04-14 03:52:42,788 - INFO - ✅ Bot LIQUIDATION_SWEEPER riavviato con successo.
2026-04-14 03:52:42,788 - WARNING - 🛠️ Rilevato bot malato: WEBSOCKET. Tentativo di riavvio...
2026-04-14 03:52:42,789 - INFO - ✅ Bot WEBSOCKET riavviato con successo.
2026-04-14 03:52:42,789 - WARNING - 🛠️ Rilevato bot malato: COMPOUNDER. Tentativo di riavvio...
2026-04-14 03:52:42,790 - INFO - ✅ Bot COMPOUNDER riavviato con successo.
2026-04-14 03:52:42,790 - WARNING - 🛠️ Rilevato bot malato: volatility_hunter. Tentativo di riavvio...
2026-04-14 03:52:42,791 - INFO - ✅ Bot volatility_hunter riavviato con successo.
2026-04-14 03:52:42,791 - WARNING - 🛠️ Rilevato bot malato: LIQUIDATION_SWEEP. Tentativo di riavvio...
2026-04-14 03:52:42,792 - INFO - ✅ Bot LIQUIDATION_SWEEP riavviato con successo.
2026-04-14 03:52:42,792 - WARNING - 🛠️ Rilevato bot malato: BLADE_RUNNER. Tentativo di riavvio...
2026-04-14 03:52:42,794 - INFO - ✅ Bot BLADE_RUNNER riavviato con successo.
2026-04-14 03:52:42,795 - WARNING - 🛠️ Rilevato bot malato: ALPHA_STRIKE. Tentativo di riavvio...
2026-04-14 03:52:42,800 - INFO - ✅ Bot ALPHA_STRIKE riavviato con successo.
2026-04-14 03:52:42,800 - WARNING - 🛠️ Rilevato bot malato: ASIAN_ECHO. Tentativo di riavvio...
2026-04-14 03:52:42,801 - INFO - ✅ Bot ASIAN_ECHO riavviato con successo.
2026-04-14 03:52:42,801 - WARNING - 🛠️ Rilevato bot malato: GAMMA_PAIRS. Tentativo di riavvio...
2026-04-14 03:52:42,802 - INFO - ✅ Bot GAMMA_PAIRS riavviato con successo.
2026-04-14 03:52:42,802 - WARNING - 🛠️ Rilevato bot malato: SQUADRA_GAMMA. Tentativo di riavvio...
2026-04-14 03:52:42,806 - INFO - ✅ Bot SQUADRA_GAMMA riavviato con successo.
2026-04-14 03:52:42,806 - WARNING - 🛠️ Rilevato bot malato: PAIRS_TRADER. Tentativo di riavvio...
2026-04-14 03:52:42,808 - INFO - ✅ Bot PAIRS_TRADER riavviato con successo.
2026-04-14 03:52:42,808 - WARNING - 🛠️ Rilevato bot malato: FUNDING_ARBITRAGE. Tentativo di riavvio...
2026-04-14 03:52:42,813 - INFO - ✅ Bot FUNDING_ARBITRAGE riavviato con successo.
2026-04-14 03:52:42,813 - WARNING - 🛠️ Rilevato bot malato: AI_RISK. Tentativo di riavvio...
2026-04-14 03:52:42,816 - INFO - ✅ Bot AI_RISK riavviato con successo.
2026-04-14 03:52:42,816 - WARNING - 🛠️ Rilevato bot malato: REALISTIC_GRID. Tentativo di riavvio...
2026-04-14 03:52:42,818 - INFO - ✅ Bot REALISTIC_GRID riavviato con successo.
2026-04-14 03:52:42,818 - WARNING - 🛠️ Rilevato bot malato: DASHBOARD. Tentativo di riavvio...
2026-04-14 03:52:42,821 - INFO - ✅ Bot DASHBOARD riavviato con successo.
2026-04-14 03:52:42,821 - WARNING - 🛠️ Rilevato bot malato: VOLATILITY_HUNTER. Tentativo di riavvio...
2026-04-14 03:52:42,822 - INFO - ✅ Bot VOLATILITY_HUNTER riavviato con successo.
2026-04-14 03:52:42,822 - WARNING - 🛠️ Rilevato bot malato: ORBITAL_WS. Tentativo di riavvio...
2026-04-14 03:52:42,829 - INFO - ✅ Bot ORBITAL_WS riavviato con successo.
2026-04-14 03:52:42,830 - WARNING - 🛠️ Rilevato bot malato: TG-BOT. Tentativo di riavvio...
2026-04-14 03:52:42,832 - INFO - ✅ Bot TG-BOT riavviato con successo.
2026-04-14 03:52:42,832 - WARNING - 🛠️ Rilevato bot malato: grid_bot_v2. Tentativo di riavvio...
2026-04-14 03:52:42,841 - INFO - ✅ Bot grid_bot_v2 riavviato con successo.
2026-04-14 03:52:42,842 - INFO - --- CICLO COMPLETATO. Bot rimossi: 72 ---
2026-04-14 04:02:42,842 - INFO - --- INIZIO CICLO AUTONOMO ---
2026-04-14 04:02:43,713 - INFO - 🔍 Analizzando flotta per bot zombie...
2026-04-14 04:02:44,605 - WARNING - ⚠️ Rilevati 72 bot zombie. Procedo alla potatura...
2026-04-14 04:02:44,625 - INFO - 💀 Bot potato: LIQUIDATION_SWEEPER (Inattivo/Improduttivo)
2026-04-14 04:02:44,646 - INFO - 💀 Bot potato: EUR_USDC_NANO (Inattivo/Improduttivo)
2026-04-14 04:02:44,664 - INFO - 💀 Bot potato: LEGION_AAVE (Inattivo/Improduttivo)
2026-04-14 04:02:44,683 - INFO - 💀 Bot potato: LEGION_XTZ (Inattivo/Improduttivo)
2026-04-14 04:02:44,702 - INFO - 💀 Bot potato: PROJECT_OLYMPUS (Inattivo/Improduttivo)
2026-04-14 04:02:44,720 - INFO - 💀 Bot potato: WEBSOCKET (Inattivo/Improduttivo)
2026-04-14 04:02:44,739 - INFO - 💀 Bot potato: YIELD_FARMER (Inattivo/Improduttivo)
2026-04-14 04:02:44,758 - INFO - 💀 Bot potato: COMPOUNDER (Inattivo/Improduttivo)
2026-04-14 04:02:44,779 - INFO - 💀 Bot potato: LEGION_XLM (Inattivo/Improduttivo)
2026-04-14 04:02:44,795 - INFO - 💀 Bot potato: LEGION_ATOM (Inattivo/Improduttivo)
2026-04-14 04:02:44,813 - INFO - 💀 Bot potato: volatility_hunter (Inattivo/Improduttivo)
2026-04-14 04:02:44,831 - INFO - 💀 Bot potato: LIQUIDATION_SWEEP (Inattivo/Improduttivo)
2026-04-14 04:02:44,848 - INFO - 💀 Bot potato: LEGION_FTM (Inattivo/Improduttivo)
2026-04-14 04:02:44,865 - INFO - 💀 Bot potato: SCIACALLO (Inattivo/Improduttivo)
2026-04-14 04:02:44,882 - INFO - 💀 Bot potato: BLADE_RUNNER (Inattivo/Improduttivo)
2026-04-14 04:02:44,898 - INFO - 💀 Bot potato: EUR_USDT_MICRO (Inattivo/Improduttivo)
2026-04-14 04:02:44,915 - INFO - 💀 Bot potato: LEGION_DOT (Inattivo/Improduttivo)
2026-04-14 04:02:44,933 - INFO - 💀 Bot potato: sniper_squad (Inattivo/Improduttivo)
2026-04-14 04:02:44,952 - INFO - 💀 Bot potato: ALPHA_STRIKE (Inattivo/Improduttivo)
2026-04-14 04:02:44,969 - INFO - 💀 Bot potato: LEGION_LTC (Inattivo/Improduttivo)
2026-04-14 04:02:44,985 - INFO - 💀 Bot potato: RSI_HUNTER (Inattivo/Improduttivo)
2026-04-14 04:02:45,004 - INFO - 💀 Bot potato: LEGION_EOS (Inattivo/Improduttivo)
2026-04-14 04:02:45,021 - INFO - 💀 Bot potato: ASIAN_ECHO (Inattivo/Improduttivo)
2026-04-14 04:02:45,037 - INFO - 💀 Bot potato: LEGION_UNI (Inattivo/Improduttivo)
2026-04-14 04:02:45,052 - INFO - 💀 Bot potato: VAMPIRE (Inattivo/Improduttivo)
2026-04-14 04:02:45,068 - INFO - 💀 Bot potato: GAMMA_PAIRS (Inattivo/Improduttivo)
2026-04-14 04:02:45,084 - INFO - 💀 Bot potato: LEGION_MATIC (Inattivo/Improduttivo)
2026-04-14 04:02:45,100 - INFO - 💀 Bot potato: OLYMPUS (Inattivo/Improduttivo)
2026-04-14 04:02:45,116 - INFO - 💀 Bot potato: LEGION_AVAX (Inattivo/Improduttivo)
2026-04-14 04:02:45,133 - INFO - 💀 Bot potato: VAMPIRO (Inattivo/Improduttivo)
2026-04-14 04:02:45,149 - INFO - 💀 Bot potato: LEGION_MANA (Inattivo/Improduttivo)
2026-04-14 04:02:45,166 - INFO - 💀 Bot potato: SCIAME (Inattivo/Improduttivo)
2026-04-14 04:02:45,182 - INFO - 💀 Bot potato: FLASH_CATCHER (Inattivo/Improduttivo)
2026-04-14 04:02:45,199 - INFO - 💀 Bot potato: FLASH_CRASH (Inattivo/Improduttivo)
2026-04-14 04:02:45,215 - INFO - 💀 Bot potato: DCA_ACCUMULATOR (Inattivo/Improduttivo)
2026-04-14 04:02:45,231 - INFO - 💀 Bot potato: SQUADRA_GAMMA (Inattivo/Improduttivo)
2026-04-14 04:02:45,251 - INFO - 💀 Bot potato: LEGION_NEAR (Inattivo/Improduttivo)
2026-04-14 04:02:45,268 - INFO - 💀 Bot potato: BOLLINGER_SNIPER (Inattivo/Improduttivo)
2026-04-14 04:02:45,284 - INFO - 💀 Bot potato: PAIRS_TRADER (Inattivo/Improduttivo)
2026-04-14 04:02:45,300 - INFO - 💀 Bot potato: LEGION_FIL (Inattivo/Improduttivo)
2026-04-14 04:02:45,317 - INFO - 💀 Bot potato: FUNDING_ARBITRAGE (Inattivo/Improduttivo)
2026-04-14 04:02:45,334 - INFO - 💀 Bot potato: LEGION_ETC (Inattivo/Improduttivo)
2026-04-14 04:02:45,350 - INFO - 💀 Bot potato: PHANTOM (Inattivo/Improduttivo)
2026-04-14 04:02:45,367 - INFO - 💀 Bot potato: NEWS_SNIPER (Inattivo/Improduttivo)
2026-04-14 04:02:45,383 - INFO - 💀 Bot potato: LEGION_ALGO (Inattivo/Improduttivo)
2026-04-14 04:02:45,400 - INFO - 💀 Bot potato: DARKPOOL (Inattivo/Improduttivo)
2026-04-14 04:02:45,417 - INFO - 💀 Bot potato: AI_RISK (Inattivo/Improduttivo)
2026-04-14 04:02:45,434 - INFO - 💀 Bot potato: TSUNAMI (Inattivo/Improduttivo)
2026-04-14 04:02:45,450 - INFO - 💀 Bot potato: REALISTIC_GRID (Inattivo/Improduttivo)
2026-04-14 04:02:45,466 - INFO - 💀 Bot potato: DASHBOARD (Inattivo/Improduttivo)
2026-04-14 04:02:45,483 - INFO - 💀 Bot potato: VAMPIRE_GRID (Inattivo/Improduttivo)
2026-04-14 04:02:45,499 - INFO - 💀 Bot potato: LEGION_SAND (Inattivo/Improduttivo)
2026-04-14 04:02:45,516 - INFO - 💀 Bot potato: LEGION_AXS (Inattivo/Improduttivo)
2026-04-14 04:02:45,532 - INFO - 💀 Bot potato: LEGION_LINK (Inattivo/Improduttivo)
2026-04-14 04:02:45,548 - INFO - 💀 Bot potato: VOLATILITY_HUNTER (Inattivo/Improduttivo)
2026-04-14 04:02:45,564 - INFO - 💀 Bot potato: BLACKHOLE (Inattivo/Improduttivo)
2026-04-14 04:02:45,580 - INFO - 💀 Bot potato: LEGION_CHZ (Inattivo/Improduttivo)
2026-04-14 04:02:45,596 - INFO - 💀 Bot potato: SCAVENGER (Inattivo/Improduttivo)
2026-04-14 04:02:45,613 - INFO - 💀 Bot potato: ORBITAL_WS (Inattivo/Improduttivo)
2026-04-14 04:02:45,630 - INFO - 💀 Bot potato: LEGION_VET (Inattivo/Improduttivo)
2026-04-14 04:02:45,648 - INFO - 💀 Bot potato: LEGION_BAT (Inattivo/Improduttivo)
2026-04-14 04:02:45,664 - INFO - 💀 Bot potato: LEGION_ADA (Inattivo/Improduttivo)
2026-04-14 04:02:45,680 - INFO - 💀 Bot potato: LEGION_GALA (Inattivo/Improduttivo)
2026-04-14 04:02:45,699 - INFO - 💀 Bot potato: HUNTER_SWARM (Inattivo/Improduttivo)
2026-04-14 04:02:45,717 - INFO - 💀 Bot potato: LEGION_ENJ (Inattivo/Improduttivo)
2026-04-14 04:02:45,734 - INFO - 💀 Bot potato: SNIPER_SQUAD (Inattivo/Improduttivo)
2026-04-14 04:02:45,751 - INFO - 💀 Bot potato: TG-BOT (Inattivo/Improduttivo)
2026-04-14 04:02:45,767 - INFO - 💀 Bot potato: grid_bot_v2 (Inattivo/Improduttivo)
2026-04-14 04:02:45,785 - INFO - 💀 Bot potato: LEGION_ZIL (Inattivo/Improduttivo)
2026-04-14 04:02:45,801 - INFO - 💀 Bot potato: GARIBAN (Inattivo/Improduttivo)
2026-04-14 04:02:45,817 - INFO - 💀 Bot potato: LEGION_MKR (Inattivo/Improduttivo)
2026-04-14 04:02:45,834 - INFO - 💀 Bot potato: LEGION_BCH (Inattivo/Improduttivo)
2026-04-14 04:02:45,835 - INFO - 🏥 Eseguendo scansione di self-healing...
2026-04-14 04:02:46,677 - WARNING - 🛠️ Rilevato bot malato: LIQUIDATION_SWEEPER. Tentativo di riavvio...
2026-04-14 04:02:46,678 - INFO - ✅ Bot LIQUIDATION_SWEEPER riavviato con successo.
2026-04-14 04:02:46,678 - WARNING - 🛠️ Rilevato bot malato: WEBSOCKET. Tentativo di riavvio...
2026-04-14 04:02:46,679 - INFO - ✅ Bot WEBSOCKET riavviato con successo.
2026-04-14 04:02:46,679 - WARNING - 🛠️ Rilevato bot malato: COMPOUNDER. Tentativo di riavvio...
2026-04-14 04:02:46,680 - INFO - ✅ Bot COMPOUNDER riavviato con successo.
2026-04-14 04:02:46,681 - WARNING - 🛠️ Rilevato bot malato: volatility_hunter. Tentativo di riavvio...
2026-04-14 04:02:46,682 - INFO - ✅ Bot volatility_hunter riavviato con successo.
2026-04-14 04:02:46,682 - WARNING - 🛠️ Rilevato bot malato: LIQUIDATION_SWEEP. Tentativo di riavvio...
2026-04-14 04:02:46,684 - INFO - ✅ Bot LIQUIDATION_SWEEP riavviato con successo.
2026-04-14 04:02:46,684 - WARNING - 🛠️ Rilevato bot malato: BLADE_RUNNER. Tentativo di riavvio...
2026-04-14 04:02:46,690 - INFO - ✅ Bot BLADE_RUNNER riavviato con successo.
2026-04-14 04:02:46,690 - WARNING - 🛠️ Rilevato bot malato: ALPHA_STRIKE. Tentativo di riavvio...
2026-04-14 04:02:46,696 - INFO - ✅ Bot ALPHA_STRIKE riavviato con successo.
2026-04-14 04:02:46,696 - WARNING - 🛠️ Rilevato bot malato: ASIAN_ECHO. Tentativo di riavvio...
2026-04-14 04:02:46,700 - INFO - ✅ Bot ASIAN_ECHO riavviato con successo.
2026-04-14 04:02:46,700 - WARNING - 🛠️ Rilevato bot malato: GAMMA_PAIRS. Tentativo di riavvio...
2026-04-14 04:02:46,704 - INFO - ✅ Bot GAMMA_PAIRS riavviato con successo.
2026-04-14 04:02:46,704 - WARNING - 🛠️ Rilevato bot malato: SQUADRA_GAMMA. Tentativo di riavvio...
2026-04-14 04:02:46,705 - INFO - ✅ Bot SQUADRA_GAMMA riavviato con successo.
2026-04-14 04:02:46,705 - WARNING - 🛠️ Rilevato bot malato: PAIRS_TRADER. Tentativo di riavvio...
2026-04-14 04:02:46,709 - INFO - ✅ Bot PAIRS_TRADER riavviato con successo.
2026-04-14 04:02:46,710 - WARNING - 🛠️ Rilevato bot malato: FUNDING_ARBITRAGE. Tentativo di riavvio...
2026-04-14 04:02:46,714 - INFO - ✅ Bot FUNDING_ARBITRAGE riavviato con successo.
2026-04-14 04:02:46,715 - WARNING - 🛠️ Rilevato bot malato: AI_RISK. Tentativo di riavvio...
2026-04-14 04:02:46,716 - INFO - ✅ Bot AI_RISK riavviato con successo.
2026-04-14 04:02:46,716 - WARNING - 🛠️ Rilevato bot malato: REALISTIC_GRID. Tentativo di riavvio...
2026-04-14 04:02:46,717 - INFO - ✅ Bot REALISTIC_GRID riavviato con successo.
2026-04-14 04:02:46,717 - WARNING - 🛠️ Rilevato bot malato: DASHBOARD. Tentativo di riavvio...
2026-04-14 04:02:46,721 - INFO - ✅ Bot DASHBOARD riavviato con successo.
2026-04-14 04:02:46,722 - WARNING - 🛠️ Rilevato bot malato: VOLATILITY_HUNTER. Tentativo di riavvio...
2026-04-14 04:02:46,725 - INFO - ✅ Bot VOLATILITY_HUNTER riavviato con successo.
2026-04-14 04:02:46,726 - WARNING - 🛠️ Rilevato bot malato: ORBITAL_WS. Tentativo di riavvio...
2026-04-14 04:02:46,727 - INFO - ✅ Bot ORBITAL_WS riavviato con successo.
2026-04-14 04:02:46,727 - WARNING - 🛠️ Rilevato bot malato: TG-BOT. Tentativo di riavvio...
2026-04-14 04:02:46,730 - INFO - ✅ Bot TG-BOT riavviato con successo.
2026-04-14 04:02:46,731 - WARNING - 🛠️ Rilevato bot malato: grid_bot_v2. Tentativo di riavvio...
2026-04-14 04:02:46,733 - INFO - ✅ Bot grid_bot_v2 riavviato con successo.
2026-04-14 04:02:46,733 - INFO - --- CICLO COMPLETATO. Bot rimossi: 72 ---
